  sampling {'temperature': 0.3, 'top_p': 0.95, 'top_k': 20, 'min_p': 0.0}
config p5t-spec-math-t0.3  ->  results/p5t-spec-math-t0.3.jsonl
  http://localhost:8000   concurrency 1

  math/think           12 items  max_tokens=5120
    acc 100.0%   truncated  0.0%   unparseable  0.0%   err 0
    completion tokens p50  2033  p99  3822  batch med 1 max 1 (n=926)  think_path ['inline_tags']
  math/nothink       skipped (capped at 0)

wrote results/p5t-spec-math-t0.3.jsonl

=== specmon p5t-spec-math-t0.3 ===
  verify steps (drafts)   8819
  draft tokens proposed   26457
  draft tokens accepted   15601
  k (inferred)            3
  acceptance rate a       0.5897
  mean emitted / step L   2.7690
  E[L] if i.i.d.          2.1424
  measured / i.i.d.       1.2925   (>1 = acceptance is positively correlated across positions)
  acceptance by position:
    pos 0  0.7805  ###############################
    pos 1  0.5939  ########################
    pos 2  0.3946  ################
  wrapped command exited 0 after 238.8s
