  sampling {'temperature': 0.0}
config p5t-spec-math-t0  ->  results/p5t-spec-math-t0.jsonl
  http://localhost:8000   concurrency 1

  math/think           12 items  max_tokens=5120
    acc 100.0%   truncated  0.0%   unparseable  0.0%   err 0
    completion tokens p50  1452  p99  3497  batch med 1 max 1 (n=749)  think_path ['inline_tags']
  math/nothink       skipped (capped at 0)

wrote results/p5t-spec-math-t0.jsonl

=== specmon p5t-spec-math-t0 ===
  verify steps (drafts)   7369
  draft tokens proposed   22107
  draft tokens accepted   13176
  k (inferred)            3
  acceptance rate a       0.5960
  mean emitted / step L   2.7880
  E[L] if i.i.d.          2.1630
  measured / i.i.d.       1.2890   (>1 = acceptance is positively correlated across positions)
  acceptance by position:
    pos 0  0.7887  ################################
    pos 1  0.5991  ########################
    pos 2  0.4002  ################
  wrapped command exited 0 after 193.2s
